hoanvt/librarymanagementmain/repository/BookRepository.class
hoanvt/librarymanagementmain/service/UserService/UserService.class
hoanvt/librarymanagementmain/repository/UserRepository.class
hoanvt/librarymanagementmain/repository/PermissionRepository.class
hoanvt/librarymanagementmain/repository/CategoryRepository.class
hoanvt/librarymanagementmain/entity/User$UserBuilder.class
hoanvt/librarymanagementmain/entity/Comment$CommentBuilder.class
hoanvt/librarymanagementmain/utils/Utils.class
hoanvt/librarymanagementmain/entity/Category.class
hoanvt/librarymanagementmain/controller/UserController.class
hoanvt/librarymanagementmain/service/impl/UserServiceImpl.class
hoanvt/librarymanagementmain/config/PasswordConfig.class
hoanvt/librarymanagementmain/entity/Book$BookBuilder.class
hoanvt/librarymanagementmain/repository/RoleGroupRepository.class
hoanvt/librarymanagementmain/entity/Post.class
hoanvt/librarymanagementmain/entity/RoleGroup$RoleGroupBuilder.class
hoanvt/librarymanagementmain/entity/Category$CategoryBuilder.class
hoanvt/librarymanagementmain/entity/BorrowRecord.class
hoanvt/librarymanagementmain/entity/User.class
hoanvt/librarymanagementmain/entity/Post$PostBuilder.class
hoanvt/librarymanagementmain/repository/CommentRepository.class
hoanvt/librarymanagementmain/entity/RoleGroup.class
hoanvt/librarymanagementmain/dto/UserDTO.class
hoanvt/librarymanagementmain/repository/PostRepository.class
hoanvt/librarymanagementmain/entity/Comment.class
hoanvt/librarymanagementmain/utils/Response.class
hoanvt/librarymanagementmain/controller/BookController.class
hoanvt/librarymanagementmain/entity/BorrowRecord$BorrowRecordBuilder.class
hoanvt/librarymanagementmain/repository/BorrowRecordRepository.class
hoanvt/librarymanagementmain/LibraryManagementMainApplication.class
hoanvt/librarymanagementmain/dto/UserRequestDTO.class
hoanvt/librarymanagementmain/entity/Book.class
hoanvt/librarymanagementmain/dto/UserResponseDTO.class
hoanvt/librarymanagementmain/entity/Permission.class
hoanvt/librarymanagementmain/entity/Permission$PermissionBuilder.class
