/Users/khai-hoanle/Desktop/VTIT/LibraryManagementMain/src/main/java/hoanvt/librarymanagementmain/LibraryManagementMainApplication.java
/Users/khai-hoanle/Desktop/VTIT/LibraryManagementMain/src/main/java/hoanvt/librarymanagementmain/config/PasswordConfig.java
/Users/khai-hoanle/Desktop/VTIT/LibraryManagementMain/src/main/java/hoanvt/librarymanagementmain/controller/BookController.java
/Users/khai-hoanle/Desktop/VTIT/LibraryManagementMain/src/main/java/hoanvt/librarymanagementmain/controller/UserController.java
/Users/khai-hoanle/Desktop/VTIT/LibraryManagementMain/src/main/java/hoanvt/librarymanagementmain/dto/UserDTO.java
/Users/khai-hoanle/Desktop/VTIT/LibraryManagementMain/src/main/java/hoanvt/librarymanagementmain/dto/UserRequestDTO.java
/Users/khai-hoanle/Desktop/VTIT/LibraryManagementMain/src/main/java/hoanvt/librarymanagementmain/dto/UserResponseDTO.java
/Users/khai-hoanle/Desktop/VTIT/LibraryManagementMain/src/main/java/hoanvt/librarymanagementmain/dto/UserSearchRequest.java
/Users/khai-hoanle/Desktop/VTIT/LibraryManagementMain/src/main/java/hoanvt/librarymanagementmain/entity/Book.java
/Users/khai-hoanle/Desktop/VTIT/LibraryManagementMain/src/main/java/hoanvt/librarymanagementmain/entity/BorrowRecord.java
/Users/khai-hoanle/Desktop/VTIT/LibraryManagementMain/src/main/java/hoanvt/librarymanagementmain/entity/Category.java
/Users/khai-hoanle/Desktop/VTIT/LibraryManagementMain/src/main/java/hoanvt/librarymanagementmain/entity/Comment.java
/Users/khai-hoanle/Desktop/VTIT/LibraryManagementMain/src/main/java/hoanvt/librarymanagementmain/entity/Permission.java
/Users/khai-hoanle/Desktop/VTIT/LibraryManagementMain/src/main/java/hoanvt/librarymanagementmain/entity/Post.java
/Users/khai-hoanle/Desktop/VTIT/LibraryManagementMain/src/main/java/hoanvt/librarymanagementmain/entity/RoleGroup.java
/Users/khai-hoanle/Desktop/VTIT/LibraryManagementMain/src/main/java/hoanvt/librarymanagementmain/entity/User.java
/Users/khai-hoanle/Desktop/VTIT/LibraryManagementMain/src/main/java/hoanvt/librarymanagementmain/repository/BookRepository.java
/Users/khai-hoanle/Desktop/VTIT/LibraryManagementMain/src/main/java/hoanvt/librarymanagementmain/repository/BorrowRecordRepository.java
/Users/khai-hoanle/Desktop/VTIT/LibraryManagementMain/src/main/java/hoanvt/librarymanagementmain/repository/CategoryRepository.java
/Users/khai-hoanle/Desktop/VTIT/LibraryManagementMain/src/main/java/hoanvt/librarymanagementmain/repository/CommentRepository.java
/Users/khai-hoanle/Desktop/VTIT/LibraryManagementMain/src/main/java/hoanvt/librarymanagementmain/repository/PermissionRepository.java
/Users/khai-hoanle/Desktop/VTIT/LibraryManagementMain/src/main/java/hoanvt/librarymanagementmain/repository/PostRepository.java
/Users/khai-hoanle/Desktop/VTIT/LibraryManagementMain/src/main/java/hoanvt/librarymanagementmain/repository/RoleGroupRepository.java
/Users/khai-hoanle/Desktop/VTIT/LibraryManagementMain/src/main/java/hoanvt/librarymanagementmain/repository/UserRepository.java
/Users/khai-hoanle/Desktop/VTIT/LibraryManagementMain/src/main/java/hoanvt/librarymanagementmain/service/UserService/UserService.java
/Users/khai-hoanle/Desktop/VTIT/LibraryManagementMain/src/main/java/hoanvt/librarymanagementmain/service/impl/UserServiceImpl.java
/Users/khai-hoanle/Desktop/VTIT/LibraryManagementMain/src/main/java/hoanvt/librarymanagementmain/utils/Response.java
/Users/khai-hoanle/Desktop/VTIT/LibraryManagementMain/src/main/java/hoanvt/librarymanagementmain/utils/Utils.java
